// Jest Snapshot v1, https://goo.gl/fbAQLP

exports[`AccountAddressPage renders successfully 1`] = `
<div>
  <div
    class="css-0"
  >
    <div
      class="css-gmuwbf"
    >
      <h2
        class="chakra-heading css-0"
      >
        Account 
      </h2>
    </div>
    <div
      class="css-gmuwbf"
    >
      <div
        data-testid="NFTOrCollectionViewer"
      />
    </div>
  </div>
</div>
`;
