// Jest Snapshot v1, https://goo.gl/fbAQLP

exports[`NFTCardGrid renders NFTCardGrid component 1`] = `
<div>
  <div
    class="css-xbmy3v"
  >
    <div
      class="css-18n9l0z"
    >
      <div
        class="css-1oxm8tl"
        role="group"
      >
        <div
          class="css-ub82xt"
        >
          <div
            class="css-rbycdq"
            data-testid="onclick-button-0x0000000000-0"
          >
            <img
              class="chakra-image css-gbtqvj"
            />
          </div>
        </div>
        <div
          class="css-13cp05h"
        >
          <h2
            class="chakra-heading css-gdw5dm"
          >
            Test NFT
          </h2>
        </div>
      </div>
    </div>
    <div
      class="css-18n9l0z"
    >
      <div
        class="css-1oxm8tl"
        role="group"
      >
        <div
          class="css-ub82xt"
        >
          <div
            class="css-rbycdq"
            data-testid="onclick-button-0x0000000000-1"
          >
            <img
              class="chakra-image css-gbtqvj"
            />
          </div>
        </div>
        <div
          class="css-13cp05h"
        >
          <h2
            class="chakra-heading css-gdw5dm"
          >
            Test NFT 1
          </h2>
        </div>
      </div>
    </div>
  </div>
</div>
`;
